current directory: /home/ulf/Documents/uliebal.github.io/vendor/bundle/ruby/3.3.0/gems/commonmarker-0.17.13/ext/commonmarker
/usr/bin/ruby3.3 -I/usr/lib/ruby/vendor_ruby extconf.rb
creating Makefile

current directory: /home/ulf/Documents/uliebal.github.io/vendor/bundle/ruby/3.3.0/gems/commonmarker-0.17.13/ext/commonmarker
make DESTDIR\= sitearchdir\=./.gem.20261005-65365-1g9383 sitelibdir\=./.gem.20261005-65365-1g9383 clean

current directory: /home/ulf/Documents/uliebal.github.io/vendor/bundle/ruby/3.3.0/gems/commonmarker-0.17.13/ext/commonmarker
make DESTDIR\= sitearchdir\=./.gem.20261005-65365-1g9383 sitelibdir\=./.gem.20261005-65365-1g9383
compiling autolink.c
compiling blocks.c
compiling buffer.c
compiling arena.c
compiling cmark_ctype.c
compiling cmark.c
compiling commonmark.c
compiling commonmarker.c
compiling core-extensions.c
compiling ext_scanners.c
compiling footnotes.c
compiling houdini_href_e.c
compiling houdini_html_e.c
In file included from houdini.h:9,
                 from commonmarker.c:3:
config.h:8:9: warning: ‘HAVE_STDBOOL_H’ redefined
    8 | #define HAVE_STDBOOL_H
      |         ^~~~~~~~~~~~~~
In file included from /usr/include/ruby-3.3.0/ruby/internal/config.h:22,
                 from /usr/include/ruby-3.3.0/ruby/ruby.h:15,
                 from /usr/include/ruby-3.3.0/ruby.h:38,
                 from commonmarker.h:9,
                 from commonmarker.c:1:
/usr/include/x86_64-linux-gnu/ruby-3.3.0/ruby/config.h:44:9: note: this is the location of the previous definition
   44 | #define HAVE_STDBOOL_H 1
      |         ^~~~~~~~~~~~~~
compiling houdini_html_u.c
compiling inlines.c
compiling html.c
compiling iterator.c
compiling latex.c
compiling linked_list.c
compiling man.c
compiling map.c
compiling node.c
compiling plaintext.c
compiling plugin.c
compiling references.c
compiling registry.c
compiling render.c
compiling scanners.c
compiling strikethrough.c
compiling syntax_extension.c
compiling table.c
compiling tagfilter.c
compiling utf8.c
compiling xml.c
linking shared-object commonmarker/commonmarker.so

current directory: /home/ulf/Documents/uliebal.github.io/vendor/bundle/ruby/3.3.0/gems/commonmarker-0.17.13/ext/commonmarker
make DESTDIR\= sitearchdir\=./.gem.20261005-65365-1g9383 sitelibdir\=./.gem.20261005-65365-1g9383 install
/usr/bin/install -c -m 0755 commonmarker.so ./.gem.20261005-65365-1g9383/commonmarker

current directory: /home/ulf/Documents/uliebal.github.io/vendor/bundle/ruby/3.3.0/gems/commonmarker-0.17.13/ext/commonmarker
make DESTDIR\= sitearchdir\=./.gem.20261005-65365-1g9383 sitelibdir\=./.gem.20261005-65365-1g9383 clean
