current directory: /home/ulf/Documents/uliebal.github.io/vendor/bundle/ruby/3.3.0/gems/prism-1.9.0/ext/prism
/usr/bin/ruby3.3 -I/usr/lib/ruby/vendor_ruby extconf.rb
checking for prism.h in /home/ulf/Documents/uliebal.github.io/vendor/bundle/ruby/3.3.0/gems/prism-1.9.0/include... yes
checking for prism/extension.h in /home/ulf/Documents/uliebal.github.io/vendor/bundle/ruby/3.3.0/gems/prism-1.9.0/ext... yes
checking for whether -fvisibility=hidden is accepted as CFLAGS... yes
creating Makefile

current directory: /home/ulf/Documents/uliebal.github.io/vendor/bundle/ruby/3.3.0/gems/prism-1.9.0/ext/prism
make DESTDIR\= sitearchdir\=./.gem.20261005-66252-ig2pok sitelibdir\=./.gem.20261005-66252-ig2pok clean

current directory: /home/ulf/Documents/uliebal.github.io/vendor/bundle/ruby/3.3.0/gems/prism-1.9.0/ext/prism
make DESTDIR\= sitearchdir\=./.gem.20261005-66252-ig2pok sitelibdir\=./.gem.20261005-66252-ig2pok
compiling api_node.c
compiling api_pack.c
compiling ./../../src/diagnostic.c
compiling ./../../src/encoding.c
compiling extension.c
compiling ./../../src/node.c
compiling ./../../src/options.c
compiling ./../../src/pack.c
compiling ./../../src/util/pm_buffer.c
compiling ./../../src/util/pm_char.c
compiling ./../../src/util/pm_constant_pool.c
compiling ./../../src/util/pm_integer.c
compiling ./../../src/util/pm_list.c
compiling ./../../src/util/pm_memchr.c
./../../src/util/pm_memchr.c: In function ‘pm_memchr’:
./../../src/util/pm_memchr.c:31:16: warning: return discards ‘const’ qualifier from pointer target type [-Wdiscarded-qualifiers]
   31 |         return memchr(memory, character, number);
      |                ^~~~~~
compiling ./../../src/util/pm_newline_list.c
compiling ./../../src/util/pm_string.c
compiling ./../../src/util/pm_strncasecmp.c
compiling ./../../src/util/pm_strpbrk.c
compiling ./../../src/prettyprint.c
compiling ./../../src/prism.c
compiling ./../../src/regexp.c
compiling ./../../src/serialize.c
compiling ./../../src/static_literals.c
compiling ./../../src/token_type.c
linking shared-object prism/prism.so

current directory: /home/ulf/Documents/uliebal.github.io/vendor/bundle/ruby/3.3.0/gems/prism-1.9.0/ext/prism
make DESTDIR\= sitearchdir\=./.gem.20261005-66252-ig2pok sitelibdir\=./.gem.20261005-66252-ig2pok install
/usr/bin/install -c -m 0755 prism.so ./.gem.20261005-66252-ig2pok/prism

current directory: /home/ulf/Documents/uliebal.github.io/vendor/bundle/ruby/3.3.0/gems/prism-1.9.0/ext/prism
make DESTDIR\= sitearchdir\=./.gem.20261005-66252-ig2pok sitelibdir\=./.gem.20261005-66252-ig2pok clean
